python : Warning: You are sending unauthenticated requests to the HF 
Hub. Please set a HF_TOKEN to enable higher rate limits and faster 
downloads.
At line:1 char:65
+ ... cd server; .\venv\Scripts\activate; python main.py > backend.log 
2>&1
+                                         
~~~~~~~~~~~~~~~~~~~~~~~~~~~~~~~~~
    + CategoryInfo          : NotSpecified: (Warning: You ar...ster dow 
   nloads.:String) [], RemoteException
    + FullyQualifiedErrorId : NativeCommandError
 

Loading weights:   0%|          | 0/103 [00:00<?, ?it/s]
Loading weights: 100%|##########| 103/103 [00:00<00:00, 4027.08it/s]
[1mBertModel LOAD REPORT[0m from: 
sentence-transformers/all-MiniLM-L6-v2
Key                     | Status     |  | 
------------------------+------------+--+-
embeddings.position_ids | UNEXPECTED |  | 

[3mNotes:
- UNEXPECTED[3m	:can be ignored when loading from different 
task/architecture; not ok if you expect identical arch.[0m
INFO:     Started server process [1112]
INFO:     Waiting for application startup.
INFO:     Application startup complete.
INFO:     Uvicorn running on http://0.0.0.0:8000 (Press CTRL+C to quit)
Received query: What is the secret code for the Endee RAG system?
Searching http://172.30.121.124:8081/api/v1/index/rag_index/search with k=3
Search response status: 200
DEBUG: Search data type=<class 'list'>, length=3
DEBUG: data[0] type=<class 'list'>
DEBUG: data[0][0] type=<class 'float'>
DEBUG: Detected flat results list [res1, ...]
DEBUG: Extracted metadata: The secret code for the Endee RAG system is "QUANT...
DEBUG: Extracted metadata: The secret code for the Endee RAG system is "QUANT...
DEBUG: Extracted metadata: e/movies/dark-UG1YreRp7K5?id=4820822255225686840&t...
DEBUG: Total retrieved 3 context chunks
Retrieved 3 context docs
INFO:     127.0.0.1:53131 - "POST /query HTTP/1.1" 200 OK
